

================================================================
== Vivado HLS Report for 'max_pool_1chan'
================================================================
* Date:           Tue Dec  3 11:19:05 2019

* Version:        2018.2 (Build 2258646 on Thu Jun 14 20:25:20 MDT 2018)
* Project:        final
* Solution:       bigger_II
* Product family: kintex7
* Target device:  xc7k325tffg676-2


================================================================
== Performance Estimates
================================================================
+ Timing (ns): 
    * Summary: 
    +--------+-------+----------+------------+
    |  Clock | Target| Estimated| Uncertainty|
    +--------+-------+----------+------------+
    |ap_clk  |   5.00|     4.220|        0.63|
    +--------+-------+----------+------------+

+ Latency (clock cycles): 
    * Summary: 
    +------+------+------+------+---------+
    |   Latency   |   Interval  | Pipeline|
    |  min |  max |  min |  max |   Type  |
    +------+------+------+------+---------+
    |  1009|  1009|  1009|  1009|   none  |
    +------+------+------+------+---------+

    + Detail: 
        * Instance: 
        N/A

        * Loop: 
        +----------+------+------+----------+-----------+-----------+------+----------+
        |          |   Latency   | Iteration|  Initiation Interval  | Trip |          |
        | Loop Name|  min |  max |  Latency |  achieved |   target  | Count| Pipelined|
        +----------+------+------+----------+-----------+-----------+------+----------+
        |- row     |  1008|  1008|        72|          -|          -|    14|    no    |
        | + col    |    70|    70|         5|          -|          -|    14|    no    |
        +----------+------+------+----------+-----------+-----------+------+----------+



================================================================
== Utilization Estimates
================================================================
* Summary: 
+-----------------+---------+-------+--------+--------+
|       Name      | BRAM_18K| DSP48E|   FF   |   LUT  |
+-----------------+---------+-------+--------+--------+
|DSP              |        -|      -|       -|       -|
|Expression       |        -|      -|       0|     495|
|FIFO             |        -|      -|       -|       -|
|Instance         |        -|      -|       -|       -|
|Memory           |        -|      -|       -|       -|
|Multiplexer      |        -|      -|       -|     104|
|Register         |        -|      -|     228|       -|
+-----------------+---------+-------+--------+--------+
|Total            |        0|      0|     228|     599|
+-----------------+---------+-------+--------+--------+
|Available        |      890|    840|  407600|  203800|
+-----------------+---------+-------+--------+--------+
|Utilization (%)  |        0|      0|   ~0   |   ~0   |
+-----------------+---------+-------+--------+--------+

+ Detail: 
    * Instance: 
    N/A

    * DSP48: 
    N/A

    * Memory: 
    N/A

    * FIFO: 
    N/A

    * Expression: 
    +-------------------+----------+-------+---+----+------------+------------+
    |   Variable Name   | Operation| DSP48E| FF| LUT| Bitwidth P0| Bitwidth P1|
    +-------------------+----------+-------+---+----+------------+------------+
    |i_5_fu_309_p2      |     +    |      0|  0|  15|           5|           2|
    |j_5_fu_303_p2      |     +    |      0|  0|  15|           2|           5|
    |tmp_47_fu_263_p2   |     +    |      0|  0|  18|          11|          11|
    |tmp_48_fu_273_p2   |     +    |      0|  0|  18|          11|          11|
    |tmp_49_fu_288_p2   |     +    |      0|  0|  18|          11|          11|
    |tmp_50_fu_298_p2   |     +    |      0|  0|  18|          11|          11|
    |tmp_52_fu_425_p2   |     +    |      0|  0|   8|           9|           9|
    |x_1_fu_448_p2      |     +    |      0|  0|  39|           1|          32|
    |y_1_fu_436_p2      |     +    |      0|  0|  39|           1|          32|
    |tmp_43_fu_211_p2   |     -    |      0|  0|  18|          11|          11|
    |tmp_46_fu_247_p2   |     -    |      0|  0|  18|          11|          11|
    |tmp_51_fu_419_p2   |     -    |      0|  0|   8|           9|           9|
    |tmp_23_fu_253_p2   |   icmp   |      0|  0|  11|           5|           4|
    |tmp_28_fu_327_p2   |   icmp   |      0|  0|  24|          48|          48|
    |tmp_30_fu_352_p2   |   icmp   |      0|  0|  24|          48|          48|
    |tmp_32_fu_372_p2   |   icmp   |      0|  0|  24|          48|          48|
    |tmp_34_fu_442_p2   |   icmp   |      0|  0|  18|          32|           4|
    |tmp_fu_181_p2      |   icmp   |      0|  0|  11|           5|           4|
    |ap_block_state1    |    or    |      0|  0|   2|           1|           1|
    |tmp_21_fu_217_p2   |    or    |      0|  0|   5|           5|           1|
    |tmp_25_fu_278_p2   |    or    |      0|  0|   5|           5|           1|
    |max_V_8_fu_337_p3  |  select  |      0|  0|  25|           1|          25|
    |max_V_9_fu_358_p3  |  select  |      0|  0|  25|           1|          25|
    |out_image_V_d0     |  select  |      0|  0|  25|           1|          25|
    |p_s_fu_462_p3      |  select  |      0|  0|  32|           1|           1|
    |p_x_1_fu_454_p3    |  select  |      0|  0|  32|           1|          32|
    +-------------------+----------+-------+---+----+------------+------------+
    |Total              |          |      0|  0| 495|         295|         422|
    +-------------------+----------+-------+---+----+------------+------------+

    * Multiplexer: 
    +---------------------+----+-----------+-----+-----------+
    |         Name        | LUT| Input Size| Bits| Total Bits|
    +---------------------+----+-----------+-----+-----------+
    |ap_NS_fsm            |  33|          8|    1|          8|
    |ap_done              |   9|          2|    1|          2|
    |i_reg_120            |   9|          2|    5|         10|
    |in_image_V_address0  |  13|          3|   10|         30|
    |in_image_V_address1  |  13|          3|   10|         30|
    |j_reg_132            |   9|          2|    5|         10|
    |x_fu_62              |   9|          2|   32|         64|
    |y_fu_58              |   9|          2|   32|         64|
    +---------------------+----+-----------+-----+-----------+
    |Total                | 104|         24|   96|        218|
    +---------------------+----+-----------+-----+-----------+

    * Register: 
    +-----------------+----+----+-----+-----------+
    |       Name      | FF | LUT| Bits| Const Bits|
    +-----------------+----+----+-----+-----------+
    |ap_CS_fsm        |   7|   0|    7|          0|
    |ap_done_reg      |   1|   0|    1|          0|
    |i_reg_120        |   5|   0|    5|          0|
    |j_5_reg_532      |   5|   0|    5|          0|
    |j_reg_132        |   5|   0|    5|          0|
    |max_V_8_reg_557  |  25|   0|   25|          0|
    |max_V_9_reg_567  |  25|   0|   25|          0|
    |reg_163          |  25|   0|   25|          0|
    |reg_167          |  25|   0|   25|          0|
    |tmp_28_reg_547   |   1|   0|    1|          0|
    |tmp_30_reg_562   |   1|   0|    1|          0|
    |tmp_32_reg_572   |   1|   0|    1|          0|
    |tmp_43_reg_497   |   9|   0|   11|          2|
    |tmp_46_reg_503   |   8|   0|   11|          3|
    |tmp_48_reg_517   |  11|   0|   11|          0|
    |tmp_50_reg_527   |  10|   0|   11|          1|
    |x_fu_62          |  32|   0|   32|          0|
    |y_fu_58          |  32|   0|   32|          0|
    +-----------------+----+----+-----+-----------+
    |Total            | 228|   0|  234|          6|
    +-----------------+----+----+-----+-----------+



================================================================
== Interface
================================================================
* Summary: 
+----------------------+-----+-----+------------+----------------+--------------+
|       RTL Ports      | Dir | Bits|  Protocol  |  Source Object |    C Type    |
+----------------------+-----+-----+------------+----------------+--------------+
|ap_clk                |  in |    1| ap_ctrl_hs | max_pool_1chan | return value |
|ap_rst                |  in |    1| ap_ctrl_hs | max_pool_1chan | return value |
|ap_start              |  in |    1| ap_ctrl_hs | max_pool_1chan | return value |
|ap_done               | out |    1| ap_ctrl_hs | max_pool_1chan | return value |
|ap_continue           |  in |    1| ap_ctrl_hs | max_pool_1chan | return value |
|ap_idle               | out |    1| ap_ctrl_hs | max_pool_1chan | return value |
|ap_ready              | out |    1| ap_ctrl_hs | max_pool_1chan | return value |
|in_image_V_address0   | out |   10|  ap_memory |   in_image_V   |     array    |
|in_image_V_ce0        | out |    1|  ap_memory |   in_image_V   |     array    |
|in_image_V_q0         |  in |   48|  ap_memory |   in_image_V   |     array    |
|in_image_V_address1   | out |   10|  ap_memory |   in_image_V   |     array    |
|in_image_V_ce1        | out |    1|  ap_memory |   in_image_V   |     array    |
|in_image_V_q1         |  in |   48|  ap_memory |   in_image_V   |     array    |
|out_image_V_address0  | out |    8|  ap_memory |   out_image_V  |     array    |
|out_image_V_ce0       | out |    1|  ap_memory |   out_image_V  |     array    |
|out_image_V_we0       | out |    1|  ap_memory |   out_image_V  |     array    |
|out_image_V_d0        | out |   25|  ap_memory |   out_image_V  |     array    |
+----------------------+-----+-----+------------+----------------+--------------+

